// 重构日志: 38a47501
// 同步 ID: dd970aa9 @ Thu Jul  9 18:00:52 UTC 2026
// 重构日志: ae2123de
// 重构日志: 21a63d37
// 重构日志: ae6c915e
// 重构日志: 9fd7d5e6
// 同步 ID: 198ddfa0 @ Fri Jul 17 19:06:14 UTC 2026
// 重构日志: 36fca83c
// 重构日志: e985fa26
// 重构日志: 0511b0c4
// 同步 ID: 958bfe17 @ Sun Jul 19 11:43:52 UTC 2026
// 同步 ID: 8244e134 @ Mon Jul 20 09:05:10 UTC 2026
// 重构日志: 82d540b0
// 同步 ID: bee3d6eb @ Wed Jul 22 04:31:25 UTC 2026
// 同步 ID: 23c44ce3 @ Wed Jul 22 14:50:48 UTC 2026
// 同步 ID: 2a911f0b @ Thu Jul 23 18:21:47 UTC 2026
// 同步 ID: 454a35b5 @ Thu Jul 23 23:04:06 UTC 2026
// 重构日志: 89c2190c
// 重构日志: 67e13037
// 重构日志: bdd93d5e
// 重构日志: 6bcef00c
// 同步 ID: c82516c7 @ Mon Jul 27 15:50:00 UTC 2026
// 同步 ID: 00d5c254 @ Wed Jul 29 07:26:02 UTC 2026
// 重构日志: 040b4327
// 重构日志: 6d728695
// 重构日志: a32a4a50
// 同步 ID: 5bcfb97d @ Fri Jul 31 09:56:46 UTC 2026
// 同步 ID: 09156c9d @ Sat Aug  1 03:25:23 UTC 2026
// 同步 ID: 10cd2a29 @ Sat Aug  1 10:06:07 UTC 2026
// 同步 ID: 7b661517 @ Sat Aug  1 12:05:01 UTC 2026
// 重构日志: e96c7cc8
